does (?i) match?          go regexp (RE2), anchored
pattern   subject                                        (?i)
k         U+004B LATIN CAPITAL LETTER K                  yes
k         U+212A KELVIN SIGN                             yes
s         U+017F LATIN SMALL LETTER LONG S               yes
U+00DF    U+1E9E LATIN CAPITAL LETTER SHARP S            yes
U+1E9E    U+00DF LATIN SMALL LETTER SHARP S              yes
ss        U+00DF LATIN SMALL LETTER SHARP S              no
[k]       U+212A KELVIN SIGN                             yes
[a-z]     U+212A KELVIN SIGN                             yes
i         U+0131 LATIN SMALL LETTER DOTLESS I            no
i         U+0130 LATIN CAPITAL LETTER I WITH DOT ABOVE   no
i U+0307  U+0130 LATIN CAPITAL LETTER I WITH DOT ABOVE   no

does (?i) fold the BACKREFERENCE comparison too?
(?i)(a)\1    vs 'a' + U+0041            error parsing regexp: invalid escape sequence: `\1`

one program, two answers about the same pair
  EqualFold: U+00DF and 'ss'            false    regex (?i): no
  EqualFold: U+212A and 'k'             true     regex (?i): yes
  EqualFold: U+017F and 's'             true     regex (?i): yes
  ToLower(U+1E9E) == U+00DF             true     regex (?i): yes
  ToUpper(U+00DF) is 2 code points      false    regex (?i): no
