default -- \w, \d and \s are ASCII:
                                        \w  \d  \s
U+0041 LATIN CAPITAL LETTER A           yes no  no
U+00E9 LATIN SMALL LETTER E WITH ACUTE  no  no  no
U+0301 COMBINING ACUTE ACCENT           no  no  no
U+0660 ARABIC-INDIC DIGIT ZERO          no  no  no
U+FF11 FULLWIDTH DIGIT ONE              no  no  no
U+00A0 NO-BREAK SPACE                   no  no  no
U+3000 IDEOGRAPHIC SPACE                no  no  no

(?U), which is Pattern.UNICODE_CHARACTER_CLASS:
                                        (?U)\w  (?U)\d  (?U)\s
U+0041 LATIN CAPITAL LETTER A           yes     no      no
U+00E9 LATIN SMALL LETTER E WITH ACUTE  yes     no      no
U+0301 COMBINING ACUTE ACCENT           yes     no      no
U+0660 ARABIC-INDIC DIGIT ZERO          yes     yes     no
U+FF11 FULLWIDTH DIGIT ONE              yes     yes     no
U+00A0 NO-BREAK SPACE                   no      no      yes
U+3000 IDEOGRAPHIC SPACE                no      no      yes

the \p{...} properties, which never needed (?U):
                                        \p{L}              \p{Nd}             \p{IsWhite_Space}
U+0041 LATIN CAPITAL LETTER A           yes                no                 no
U+00E9 LATIN SMALL LETTER E WITH ACUTE  yes                no                 no
U+0301 COMBINING ACUTE ACCENT           no                 no                 no
U+0660 ARABIC-INDIC DIGIT ZERO          no                 yes                no
U+FF11 FULLWIDTH DIGIT ONE              no                 yes                no
U+00A0 NO-BREAK SPACE                   no                 no                 yes
U+3000 IDEOGRAPHIC SPACE                no                 no                 yes

\b\w+\b over 'na' U+00EF 've reader' -- how many words?
  \b\w+\b              -> 3   na ve reader
  (?U)\b\w+\b          -> 2   na\u00EFve reader
  \b[\p{L}\p{N}_]+\b   -> 2   na\u00EFve reader

\d and the number that follows it (subject is U+0660 U+0661 U+0662):
  \d+                   -> no
  (?U)\d+               -> yes
  \p{Nd}+               -> yes
  Integer.parseInt()    -> 12
  Double.parseDouble()  -> throws NumberFormatException
