str, default (Unicode):
                                         \w    \d    \s
U+0041 LATIN CAPITAL LETTER A            yes   no    no
U+00E9 LATIN SMALL LETTER E WITH ACUTE   yes   no    no
U+0301 COMBINING ACUTE ACCENT            no    no    no
U+0660 ARABIC-INDIC DIGIT ZERO           yes   yes   no
U+FF11 FULLWIDTH DIGIT ONE               yes   yes   no
U+00A0 NO-BREAK SPACE                    no    no    yes
U+3000 IDEOGRAPHIC SPACE                 no    no    yes

str, re.ASCII:
                                         \w    \d    \s
U+0041 LATIN CAPITAL LETTER A            yes   no    no
U+00E9 LATIN SMALL LETTER E WITH ACUTE   no    no    no
U+0301 COMBINING ACUTE ACCENT            no    no    no
U+0660 ARABIC-INDIC DIGIT ZERO           no    no    no
U+FF11 FULLWIDTH DIGIT ONE               no    no    no
U+00A0 NO-BREAK SPACE                    no    no    no
U+3000 IDEOGRAPHIC SPACE                 no    no    no

bytes have no Unicode mode at all:
  re.fullmatch(rb'\w', b'\xc3') -> no   (one byte of the two that encode U+00E9)
  re.compile(rb'\w', re.UNICODE) -> ValueError

\b\w+\b over 'na' U+00EF 've reader' -- how many words?
  str, default  -> 2   na\u00EFve reader
  str, re.ASCII -> 3   na ve reader
  bytes         -> 3   na ve reader

\d and the number that follows it (subject is U+0660 U+0661 U+0662):
  re.fullmatch(r'\d+')     -> yes
  re.fullmatch(r'(?a)\d+') -> no
  int()                    -> 12
  float()                  -> 12.0
  json.loads()             -> JSONDecodeError
  .encode('ascii')         -> UnicodeEncodeError
