regex crate, default -- Unicode:
                                        \w  \d  \s
U+0041 LATIN CAPITAL LETTER A           yes no  no
U+00E9 LATIN SMALL LETTER E WITH ACUTE  yes no  no
U+0301 COMBINING ACUTE ACCENT           yes no  no
U+0660 ARABIC-INDIC DIGIT ZERO          yes yes no
U+FF11 FULLWIDTH DIGIT ONE              yes yes no
U+00A0 NO-BREAK SPACE                   no  no  yes
U+3000 IDEOGRAPHIC SPACE                no  no  yes

the same pattern inside (?-u:...):
                                        (?-u:\w)  (?-u:\d)  (?-u:\s)
U+0041 LATIN CAPITAL LETTER A           yes       no        no
U+00E9 LATIN SMALL LETTER E WITH ACUTE  no        no        no
U+0301 COMBINING ACUTE ACCENT           no        no        no
U+0660 ARABIC-INDIC DIGIT ZERO          no        no        no
U+FF11 FULLWIDTH DIGIT ONE              no        no        no
U+00A0 NO-BREAK SPACE                   no        no        no
U+3000 IDEOGRAPHIC SPACE                no        no        no

\b\w+\b over 'na' U+00EF 've reader' -- how many words?
  \b\w+\b          -> 2   na\u00EFve reader
  (?-u:\b\w+\b)    -> 3   na ve reader
  \b\w+\b          -> 2   na\u00EFve reader   (fancy-regex)

\d and the number that follows it (subject is U+0660 U+0661 U+0662):
  \d+            -> yes
  (?-u:\d+)      -> no
  parse::<u32>() -> invalid digit found in string

what the crate refuses, and why it is not arbitrary:
  (?-u:\w)      compiles
  (?-u:\W)      refused -- it could match a byte that is not UTF-8
  (?-u:.)       refused -- it could match a byte that is not UTF-8
