default -- \w, \d and \s are ASCII:
                                        \w  \d  \s
U+0041 LATIN CAPITAL LETTER A           yes no  no
U+00E9 LATIN SMALL LETTER E WITH ACUTE  no  no  no
U+0301 COMBINING ACUTE ACCENT           no  no  no
U+0660 ARABIC-INDIC DIGIT ZERO          no  no  no
U+FF11 FULLWIDTH DIGIT ONE              no  no  no
U+00A0 NO-BREAK SPACE                   no  no  no
U+3000 IDEOGRAPHIC SPACE                no  no  no

the POSIX bracket classes are not:
                                        [[:word:]]   [[:digit:]]  [[:space:]]
U+0041 LATIN CAPITAL LETTER A           yes          no           no
U+00E9 LATIN SMALL LETTER E WITH ACUTE  yes          no           no
U+0301 COMBINING ACUTE ACCENT           yes          no           no
U+0660 ARABIC-INDIC DIGIT ZERO          yes          yes          no
U+FF11 FULLWIDTH DIGIT ONE              yes          yes          no
U+00A0 NO-BREAK SPACE                   no           no           yes
U+3000 IDEOGRAPHIC SPACE                no           no           yes

and (?u) switches the shorthands over:
                                        (?u)\w  (?u)\d  (?u)\s
U+0041 LATIN CAPITAL LETTER A           yes     no      no
U+00E9 LATIN SMALL LETTER E WITH ACUTE  yes     no      no
U+0301 COMBINING ACUTE ACCENT           yes     no      no
U+0660 ARABIC-INDIC DIGIT ZERO          yes     yes     no
U+FF11 FULLWIDTH DIGIT ONE              yes     yes     no
U+00A0 NO-BREAK SPACE                   no      no      yes
U+3000 IDEOGRAPHIC SPACE                no      no      yes

\b\w+\b over 'na' U+00EF 've reader' -- how many words?
  \b\w+\b         -> 1   reader
  \w+ (no \b)     -> 3   na ve reader
  (?u)\b\w+\b     -> 2   na\u00EFve reader
  \b[[:word:]]+\b -> 2   na\u00EFve reader

is U+00EF a word character to \b, when \w says it is not?
  'na' U+00EF 've' =~ /na\b/  -> no
  'na' U+00EF 've' =~ /\bve/  -> no

\d and the number that follows it (subject is U+0660 U+0661 U+0662):
  /\A\d+\z/          -> no
  /\A[[:digit:]]+\z/ -> yes
  /\A(?u)\d+\z/      -> yes
  String#to_i        -> 0
  Integer()          -> raises ArgumentError
